
###1. A textual or tabular listing of all the information returned in Part 2, with a section for each domain.###
+-------------------+-------------------+-------------------+-------------------+-------------------+-------------------+-------------------+-------------------+-------------------+-------------------+-------------------+-------------------+-------------------+
|   geo_locations   |       hsts        |    http_server    |   insecure_http   |  ipv4_addresses   |  ipv6_addresses   |    rdns_names     | redirect_to_https |      root_ca      |     rtt_range     |     scan_time     |   tls_versions    |      domain       |
+===================+===================+===================+===================+===================+===================+===================+===================+===================+===================+===================+===================+===================+
| ['Ashburn,        | True              | Server            | True              | ['52.94.236.248', | []                | ['s3-console-us-s | True              | VeriSign, Inc.    | [23.0, 24.0]      | 1.710e+09         | ['TLSv1.0',       | amazon.com        |
| Virginia, United  |                   |                   |                   | '54.239.28.85', ' |                   | tandard.console.a |                   |                   |                   |                   | 'TLSv1.1',        |                   |
| States']          |                   |                   |                   | 205.251.242.103'] |                   | ws.amazon.com']   |                   |                   |                   |                   | 'TLSv1.2']        |                   |
+-------------------+-------------------+-------------------+-------------------+-------------------+-------------------+-------------------+-------------------+-------------------+-------------------+-------------------+-------------------+-------------------+
+-------------------+-------------------+-------------------+-------------------+-------------------+-------------------+-------------------+-------------------+-------------------+-------------------+-------------------+-------------------+-------------------+
|   geo_locations   |       hsts        |    http_server    |   insecure_http   |  ipv4_addresses   |  ipv6_addresses   |    rdns_names     | redirect_to_https |      root_ca      |     rtt_range     |     scan_time     |   tls_versions    |      domain       |
+===================+===================+===================+===================+===================+===================+===================+===================+===================+===================+===================+===================+===================+
| ['Washington,     | False             | Microsoft-        | True              | ['20.49.104.48']  | []                | []                | True              | DigiCert Inc      | [21.0, 21.0]      | 1.710e+09         | ['TLSv1.2',       | asee.org          |
| Virginia, United  |                   | IIS/10.0          |                   |                   |                   |                   |                   |                   |                   |                   | 'TLSv1.3']        |                   |
| States']          |                   |                   |                   |                   |                   |                   |                   |                   |                   |                   |                   |                   |
+-------------------+-------------------+-------------------+-------------------+-------------------+-------------------+-------------------+-------------------+-------------------+-------------------+-------------------+-------------------+-------------------+
+-------------------+-------------------+-------------------+-------------------+-------------------+-------------------+-------------------+-------------------+-------------------+-------------------+-------------------+-------------------+-------------------+
|   geo_locations   |       hsts        |    http_server    |   insecure_http   |  ipv4_addresses   |  ipv6_addresses   |    rdns_names     | redirect_to_https |      root_ca      |     rtt_range     |     scan_time     |   tls_versions    |      domain       |
+===================+===================+===================+===================+===================+===================+===================+===================+===================+===================+===================+===================+===================+
| ['Central,        | False             | Apache/2.4.58     | True              | ['144.214.26.111' | []                | ['twinkle.bms.cit | True              | Internet Security | [250.0, 250.0]    | 1.710e+09         | ['TLSv1.2',       | auditoryneuroscie |
| Central and       |                   | (Ubuntu)          |                   | ]                 |                   | yu.edu.hk']       |                   | Research Group    |                   |                   | 'TLSv1.3']        | nce.com           |
| Western District, |                   |                   |                   |                   |                   |                   |                   |                   |                   |                   |                   |                   |
| Hong Kong']       |                   |                   |                   |                   |                   |                   |                   |                   |                   |                   |                   |                   |
+-------------------+-------------------+-------------------+-------------------+-------------------+-------------------+-------------------+-------------------+-------------------+-------------------+-------------------+-------------------+-------------------+
+-------------------+-------------------+-------------------+-------------------+-------------------+-------------------+-------------------+-------------------+-------------------+-------------------+-------------------+-------------------+-------------------+
|   geo_locations   |       hsts        |    http_server    |   insecure_http   |  ipv4_addresses   |  ipv6_addresses   |    rdns_names     | redirect_to_https |      root_ca      |     rtt_range     |     scan_time     |   tls_versions    |      domain       |
+===================+===================+===================+===================+===================+===================+===================+===================+===================+===================+===================+===================+===================+
| ['United States'] | False             | cloudflare        | True              | ['172.67.170.124' | ['2606:4700:3033: | []                | True              | GlobalSign nv-sa  | [3.0, 5.0]        | 1.710e+09         | ['TLSv1.0',       | clocktab.com      |
|                   |                   |                   |                   | ,                 | :6815:57b0', '260 |                   |                   |                   |                   |                   | 'TLSv1.1',        |                   |
|                   |                   |                   |                   | '104.21.87.176',  | 6:4700:3035::ac43 |                   |                   |                   |                   |                   | 'TLSv1.2',        |                   |
|                   |                   |                   |                   | '172.64.80.1']    | :aa7c', '2606:470 |                   |                   |                   |                   |                   | 'TLSv1.3']        |                   |
|                   |                   |                   |                   |                   | 0:130:436c:6f75:6 |                   |                   |                   |                   |                   |                   |                   |
|                   |                   |                   |                   |                   | 466:6c61:7265']   |                   |                   |                   |                   |                   |                   |                   |
+-------------------+-------------------+-------------------+-------------------+-------------------+-------------------+-------------------+-------------------+-------------------+-------------------+-------------------+-------------------+-------------------+
+-------------------+-------------------+-------------------+-------------------+-------------------+-------------------+-------------------+-------------------+-------------------+-------------------+-------------------+-------------------+-------------------+
|   geo_locations   |       hsts        |    http_server    |   insecure_http   |  ipv4_addresses   |  ipv6_addresses   |    rdns_names     | redirect_to_https |      root_ca      |     rtt_range     |     scan_time     |   tls_versions    |      domain       |
+===================+===================+===================+===================+===================+===================+===================+===================+===================+===================+===================+===================+===================+
| ['United States', | True              | mw1355.eqiad.wmne | True              | ['208.80.154.224' | ['2620:0:861:ed1a | ['text-lb.eqiad.w | True              | Internet Security | [23.0, 102.0]     | 1.710e+09         | ['TLSv1.2',       | en.wikipedia.org  |
| 'Netherlands']    |                   | t                 |                   | ,                 | ::1', '2a02:ec80: | ikimedia.org',    |                   | Research Group    |                   |                   | 'TLSv1.3']        |                   |
|                   |                   |                   |                   | '185.15.59.224',  | 300:ed1a::1', '2a | 'text-lb.esams.wi |                   |                   |                   |                   |                   |                   |
|                   |                   |                   |                   | '185.15.58.224']  | 02:ec80:600:ed1a: | kimedia.org',     |                   |                   |                   |                   |                   |                   |
|                   |                   |                   |                   |                   | :1']              | 'text-lb.drmrs.wi |                   |                   |                   |                   |                   |                   |
|                   |                   |                   |                   |                   |                   | kimedia.org']     |                   |                   |                   |                   |                   |                   |
+-------------------+-------------------+-------------------+-------------------+-------------------+-------------------+-------------------+-------------------+-------------------+-------------------+-------------------+-------------------+-------------------+
+-------------------+-------------------+-------------------+-------------------+-------------------+-------------------+-------------------+-------------------+-------------------+-------------------+-------------------+-------------------+-------------------+
|   geo_locations   |       hsts        |    http_server    |   insecure_http   |  ipv4_addresses   |  ipv6_addresses   |    rdns_names     | redirect_to_https |      root_ca      |     rtt_range     |     scan_time     |   tls_versions    |      domain       |
+===================+===================+===================+===================+===================+===================+===================+===================+===================+===================+===================+===================+===================+
| ['United States', | True              | None              | True              | ['157.240.249.35' | ['2a03:2880:f175: | ['edge-star-mini- | True              | DigiCert Inc      | [3.0, 120.0]      | 1.710e+09         | ['TLSv1.0',       | facebook.com      |
| 'Ireland']        |                   |                   |                   | ,                 | 81:face:b00c:0:25 | shv-01-ord5.faceb |                   |                   |                   |                   | 'TLSv1.1',        |                   |
|                   |                   |                   |                   | '157.240.254.35', | de', '2a03:2880:f | ook.com', 'edge-  |                   |                   |                   |                   | 'TLSv1.2',        |                   |
|                   |                   |                   |                   | '31.13.66.35',    | 175:181:face:b00c | star-mini-shv-02- |                   |                   |                   |                   | 'TLSv1.3']        |                   |
|                   |                   |                   |                   | '157.240.252.35', | :0:25de', '2a03:2 | ord5.facebook.com |                   |                   |                   |                   |                   |                   |
|                   |                   |                   |                   | '157.240.231.35'] | 880:f103:83:face: | ', 'edge-star-    |                   |                   |                   |                   |                   |                   |
|                   |                   |                   |                   |                   | b00c:0:25de', '2a | mini-shv-01-iad3. |                   |                   |                   |                   |                   |                   |
|                   |                   |                   |                   |                   | 03:2880:f177:83:f | facebook.com',    |                   |                   |                   |                   |                   |                   |
|                   |                   |                   |                   |                   | ace:b00c:0:25de', | 'edge-star-mini-s |                   |                   |                   |                   |                   |                   |
|                   |                   |                   |                   |                   | '2a03:2880:f169:8 | hv-01-fra3.facebo |                   |                   |                   |                   |                   |                   |
|                   |                   |                   |                   |                   | 1:face:b00c:0:25d | ok.com', 'edge-   |                   |                   |                   |                   |                   |                   |
|                   |                   |                   |                   |                   | e']               | star-mini-shv-01- |                   |                   |                   |                   |                   |                   |
|                   |                   |                   |                   |                   |                   | fco2.facebook.com |                   |                   |                   |                   |                   |                   |
|                   |                   |                   |                   |                   |                   | ']                |                   |                   |                   |                   |                   |                   |
+-------------------+-------------------+-------------------+-------------------+-------------------+-------------------+-------------------+-------------------+-------------------+-------------------+-------------------+-------------------+-------------------+
+-------------------+-------------------+-------------------+-------------------+-------------------+-------------------+-------------------+-------------------+-------------------+-------------------+-------------------+-------------------+-------------------+
|   geo_locations   |       hsts        |    http_server    |   insecure_http   |  ipv4_addresses   |  ipv6_addresses   |    rdns_names     | redirect_to_https |      root_ca      |     rtt_range     |     scan_time     |   tls_versions    |      domain       |
+===================+===================+===================+===================+===================+===================+===================+===================+===================+===================+===================+===================+===================+
| ['United States'] | False             | envoy             | True              | ['199.232.212.194 | []                | []                | True              | GlobalSign        | [3.0, 4.0]        | 1.710e+09         | ['TLSv1.2',       | fandom.com        |
|                   |                   |                   |                   | ', '199.232.208.1 |                   |                   |                   |                   |                   |                   | 'TLSv1.3']        |                   |
|                   |                   |                   |                   | 94']              |                   |                   |                   |                   |                   |                   |                   |                   |
+-------------------+-------------------+-------------------+-------------------+-------------------+-------------------+-------------------+-------------------+-------------------+-------------------+-------------------+-------------------+-------------------+
+-------------------+-------------------+-------------------+-------------------+-------------------+-------------------+-------------------+-------------------+-------------------+-------------------+-------------------+-------------------+-------------------+
|   geo_locations   |       hsts        |    http_server    |   insecure_http   |  ipv4_addresses   |  ipv6_addresses   |    rdns_names     | redirect_to_https |      root_ca      |     rtt_range     |     scan_time     |   tls_versions    |      domain       |
+===================+===================+===================+===================+===================+===================+===================+===================+===================+===================+===================+===================+===================+
| ['Victoria,       | False             | nginx             | True              | ['51.79.45.180']  | []                | ['gw1.ahs5.r4l.co | True              |  = Digital        | [22.0, 22.0]      | 1.710e+09         | ['TLSv1.2',       | gradeinflation.co |
| British Columbia, |                   |                   |                   |                   |                   | m']               |                   | Signature Trust   |                   |                   | 'TLSv1.3']        | m                 |
| Canada']          |                   |                   |                   |                   |                   |                   |                   | Co.               |                   |                   |                   |                   |
+-------------------+-------------------+-------------------+-------------------+-------------------+-------------------+-------------------+-------------------+-------------------+-------------------+-------------------+-------------------+-------------------+
+-------------------+-------------------+-------------------+-------------------+-------------------+-------------------+-------------------+-------------------+-------------------+-------------------+-------------------+-------------------+-------------------+
|   geo_locations   |       hsts        |    http_server    |   insecure_http   |  ipv4_addresses   |  ipv6_addresses   |    rdns_names     | redirect_to_https |      root_ca      |     rtt_range     |     scan_time     |   tls_versions    |      domain       |
+===================+===================+===================+===================+===================+===================+===================+===================+===================+===================+===================+===================+===================+
| ['Champaign,      | False             | Apache/2.4.57     | True              | ['130.126.157.20' | ['2620:0:e00:4206 | ['alma.techservic | True              |  = Digital        | [6.0, 6.0]        | 1.710e+09         | ['TLSv1.2',       | illinois.edu      |
| Illinois, United  |                   | (Red Hat          |                   | ]                 | ::14']            | es.illinois.edu'] |                   | Signature Trust   |                   |                   | 'TLSv1.3']        |                   |
| States']          |                   | Enterprise Linux) |                   |                   |                   |                   |                   | Co.               |                   |                   |                   |                   |
|                   |                   | OpenSSL/3.0.7     |                   |                   |                   |                   |                   |                   |                   |                   |                   |                   |
+-------------------+-------------------+-------------------+-------------------+-------------------+-------------------+-------------------+-------------------+-------------------+-------------------+-------------------+-------------------+-------------------+
+-------------------+-------------------+-------------------+-------------------+-------------------+-------------------+-------------------+-------------------+-------------------+-------------------+-------------------+-------------------+-------------------+
|   geo_locations   |       hsts        |    http_server    |   insecure_http   |  ipv4_addresses   |  ipv6_addresses   |    rdns_names     | redirect_to_https |      root_ca      |     rtt_range     |     scan_time     |   tls_versions    |      domain       |
+===================+===================+===================+===================+===================+===================+===================+===================+===================+===================+===================+===================+===================+
| ['Ashburn,        | True              | Server            | True              | ['52.94.228.167', | []                | []                | True              | Starfield         | [27.0, 29.0]      | 1.710e+09         | ['TLSv1.0',       | imdb.com          |
| Virginia, United  |                   |                   |                   | '52.94.237.74',   |                   |                   |                   | Technologies,     |                   |                   | 'TLSv1.1',        |                   |
| States']          |                   |                   |                   | '52.94.225.248']  |                   |                   |                   | Inc.              |                   |                   | 'TLSv1.2']        |                   |
+-------------------+-------------------+-------------------+-------------------+-------------------+-------------------+-------------------+-------------------+-------------------+-------------------+-------------------+-------------------+-------------------+
+-------------------+-------------------+-------------------+-------------------+-------------------+-------------------+-------------------+-------------------+-------------------+-------------------+-------------------+-------------------+-------------------+
|   geo_locations   |       hsts        |    http_server    |   insecure_http   |  ipv4_addresses   |  ipv6_addresses   |    rdns_names     | redirect_to_https |      root_ca      |     rtt_range     |     scan_time     |   tls_versions    |      domain       |
+===================+===================+===================+===================+===================+===================+===================+===================+===================+===================+===================+===================+===================+
| ['United States', | True              | None              | True              | ['157.240.249.174 | ['2a03:2880:f275: | ['instagram-p42-s | True              | DigiCert Inc      | [4.0, 120.0]      | 1.710e+09         | ['TLSv1.0',       | instagram.com     |
| 'Ireland']        |                   |                   |                   | ', '157.240.254.1 | e9:face:b00c:0:44 | hv-01-ord5.fbcdn. |                   |                   |                   |                   | 'TLSv1.1',        |                   |
|                   |                   |                   |                   | 74',              | 20', '2a03:2880:f | net', 'instagram- |                   |                   |                   |                   | 'TLSv1.2',        |                   |
|                   |                   |                   |                   | '31.13.66.174', ' | 275:1e9:face:b00c | p42-shv-02-ord5.f |                   |                   |                   |                   | 'TLSv1.3']        |                   |
|                   |                   |                   |                   | 157.240.252.174', | :0:4420', '2a03:2 | bcdn.net', 'insta |                   |                   |                   |                   |                   |                   |
|                   |                   |                   |                   | '157.240.231.174' | 880:f277:1e8:face | gram-p42-shv-01-i |                   |                   |                   |                   |                   |                   |
|                   |                   |                   |                   | ]                 | :b00c:0:4420', '2 | ad3.fbcdn.net', ' |                   |                   |                   |                   |                   |                   |
|                   |                   |                   |                   |                   | a03:2880:f269:e6: | instagram-p42-shv |                   |                   |                   |                   |                   |                   |
|                   |                   |                   |                   |                   | face:b00c:0:4420' | -01-fra3.fbcdn.ne |                   |                   |                   |                   |                   |                   |
|                   |                   |                   |                   |                   | ]                 | t', 'instagram-p4 |                   |                   |                   |                   |                   |                   |
|                   |                   |                   |                   |                   |                   | 2-shv-01-fco2.fbc |                   |                   |                   |                   |                   |                   |
|                   |                   |                   |                   |                   |                   | dn.net']          |                   |                   |                   |                   |                   |                   |
+-------------------+-------------------+-------------------+-------------------+-------------------+-------------------+-------------------+-------------------+-------------------+-------------------+-------------------+-------------------+-------------------+
+-------------------+-------------------+-------------------+-------------------+-------------------+-------------------+-------------------+-------------------+-------------------+-------------------+-------------------+-------------------+-------------------+
|   geo_locations   |       hsts        |    http_server    |   insecure_http   |  ipv4_addresses   |  ipv6_addresses   |    rdns_names     | redirect_to_https |      root_ca      |     rtt_range     |     scan_time     |   tls_versions    |      domain       |
+===================+===================+===================+===================+===================+===================+===================+===================+===================+===================+===================+===================+===================+
| ['Chicago,        | False             | Apache/2.4.37     | True              | ['129.105.5.142'] | []                | ['it.ece.northwes | False             | Unspecified       | [2.0, 2.0]        | 1.710e+09         | ['TLSv1.2',       | it.eecs.northwest |
| Illinois, United  |                   | (Red Hat          |                   |                   |                   | tern.edu']        |                   |                   |                   |                   | 'TLSv1.3']        | ern.edu           |
| States']          |                   | Enterprise Linux) |                   |                   |                   |                   |                   |                   |                   |                   |                   |                   |
|                   |                   | OpenSSL/1.1.1k    |                   |                   |                   |                   |                   |                   |                   |                   |                   |                   |
+-------------------+-------------------+-------------------+-------------------+-------------------+-------------------+-------------------+-------------------+-------------------+-------------------+-------------------+-------------------+-------------------+
+-------------------+-------------------+-------------------+-------------------+-------------------+-------------------+-------------------+-------------------+-------------------+-------------------+-------------------+-------------------+-------------------+
|   geo_locations   |       hsts        |    http_server    |   insecure_http   |  ipv4_addresses   |  ipv6_addresses   |    rdns_names     | redirect_to_https |      root_ca      |     rtt_range     |     scan_time     |   tls_versions    |      domain       |
+===================+===================+===================+===================+===================+===================+===================+===================+===================+===================+===================+===================+===================+
| ['United States'] | False             | Microsoft-        | True              | ['165.124.147.150 | []                | ['www.kellogg.nor | True              | Comodo CA Limited | [2.0, 2.0]        | 1.710e+09         | ['TLSv1.2']       | kellogg.northwest |
|                   |                   | IIS/10.0          |                   | ']                |                   | thwestern.edu']   |                   |                   |                   |                   |                   | ern.edu           |
+-------------------+-------------------+-------------------+-------------------+-------------------+-------------------+-------------------+-------------------+-------------------+-------------------+-------------------+-------------------+-------------------+
+-------------------+-------------------+-------------------+-------------------+-------------------+-------------------+-------------------+-------------------+-------------------+-------------------+-------------------+-------------------+-------------------+
|   geo_locations   |       hsts        |    http_server    |   insecure_http   |  ipv4_addresses   |  ipv6_addresses   |    rdns_names     | redirect_to_https |      root_ca      |     rtt_range     |     scan_time     |   tls_versions    |      domain       |
+===================+===================+===================+===================+===================+===================+===================+===================+===================+===================+===================+===================+===================+
| ['United States'] | False             | cloudflare        | True              | ['172.67.132.72', | ['2606:4700:3035: | []                | True              | GlobalSign nv-sa  | [3.0, 5.0]        | 1.710e+09         | ['TLSv1.0',       | kli.org           |
|                   |                   |                   |                   | '104.21.4.169',   | :ac43:8448', '260 |                   |                   |                   |                   |                   | 'TLSv1.1',        |                   |
|                   |                   |                   |                   | '188.114.96.1',   | 6:4700:3033::6815 |                   |                   |                   |                   |                   | 'TLSv1.2',        |                   |
|                   |                   |                   |                   | '188.114.97.1',   | :4a9', '2a06:98c1 |                   |                   |                   |                   |                   | 'TLSv1.3']        |                   |
|                   |                   |                   |                   | '172.64.80.1']    | :3121::1', '2a06: |                   |                   |                   |                   |                   |                   |                   |
|                   |                   |                   |                   |                   | 98c1:3120::1', '2 |                   |                   |                   |                   |                   |                   |                   |
|                   |                   |                   |                   |                   | 606:4700:130:436c |                   |                   |                   |                   |                   |                   |                   |
|                   |                   |                   |                   |                   | :6f75:6466:6c61:7 |                   |                   |                   |                   |                   |                   |                   |
|                   |                   |                   |                   |                   | 265']             |                   |                   |                   |                   |                   |                   |                   |
+-------------------+-------------------+-------------------+-------------------+-------------------+-------------------+-------------------+-------------------+-------------------+-------------------+-------------------+-------------------+-------------------+
+-------------------+-------------------+-------------------+-------------------+-------------------+-------------------+-------------------+-------------------+-------------------+-------------------+-------------------+-------------------+-------------------+
|   geo_locations   |       hsts        |    http_server    |   insecure_http   |  ipv4_addresses   |  ipv6_addresses   |    rdns_names     | redirect_to_https |      root_ca      |     rtt_range     |     scan_time     |   tls_versions    |      domain       |
+===================+===================+===================+===================+===================+===================+===================+===================+===================+===================+===================+===================+===================+
| ['United States'] | False             | Apache/2.4.41     | True              | ['165.124.149.20' | []                | ['davinci20.tech. | True              | Comodo CA Limited | [2.0, 2.0]        | 1.710e+09         | ['TLSv1.2']       | mccormick.northwe |
|                   |                   | (Ubuntu)          |                   | ]                 |                   | northwestern.edu' |                   |                   |                   |                   |                   | stern.edu         |
|                   |                   |                   |                   |                   |                   | ]                 |                   |                   |                   |                   |                   |                   |
+-------------------+-------------------+-------------------+-------------------+-------------------+-------------------+-------------------+-------------------+-------------------+-------------------+-------------------+-------------------+-------------------+
+-------------------+-------------------+-------------------+-------------------+-------------------+-------------------+-------------------+-------------------+-------------------+-------------------+-------------------+-------------------+-------------------+
|   geo_locations   |       hsts        |    http_server    |   insecure_http   |  ipv4_addresses   |  ipv6_addresses   |    rdns_names     | redirect_to_https |      root_ca      |     rtt_range     |     scan_time     |   tls_versions    |      domain       |
+===================+===================+===================+===================+===================+===================+===================+===================+===================+===================+===================+===================+===================+
| ['United States'] | False             | Apache            | True              | ['129.105.136.48' | []                | ['evcommon-       | True              | Comodo CA Limited | [2.0, 2.0]        | 1.710e+09         | ['TLSv1.0',       | northwestern.edu  |
|                   |                   |                   |                   | ]                 |                   | caesar-vip.northw |                   |                   |                   |                   | 'TLSv1.1',        |                   |
|                   |                   |                   |                   |                   |                   | estern.edu']      |                   |                   |                   |                   | 'TLSv1.2']        |                   |
+-------------------+-------------------+-------------------+-------------------+-------------------+-------------------+-------------------+-------------------+-------------------+-------------------+-------------------+-------------------+-------------------+
+-------------------+-------------------+-------------------+-------------------+-------------------+-------------------+-------------------+-------------------+-------------------+-------------------+-------------------+-------------------+-------------------+
|   geo_locations   |       hsts        |    http_server    |   insecure_http   |  ipv4_addresses   |  ipv6_addresses   |    rdns_names     | redirect_to_https |      root_ca      |     rtt_range     |     scan_time     |   tls_versions    |      domain       |
+===================+===================+===================+===================+===================+===================+===================+===================+===================+===================+===================+===================+===================+
| ['United States'] | True              | None              | True              | ['151.101.0.84',  | []                | []                | True              | DigiCert Inc      | [3.0, 3.0]        | 1.710e+09         | ['TLSv1.0',       | pinterest.com     |
|                   |                   |                   |                   | '151.101.64.84',  |                   |                   |                   |                   |                   |                   | 'TLSv1.1',        |                   |
|                   |                   |                   |                   | '151.101.128.84', |                   |                   |                   |                   |                   |                   | 'TLSv1.2',        |                   |
|                   |                   |                   |                   | '151.101.192.84'] |                   |                   |                   |                   |                   |                   | 'TLSv1.3']        |                   |
+-------------------+-------------------+-------------------+-------------------+-------------------+-------------------+-------------------+-------------------+-------------------+-------------------+-------------------+-------------------+-------------------+
+-------------------+-------------------+-------------------+-------------------+-------------------+-------------------+-------------------+-------------------+-------------------+-------------------+-------------------+-------------------+-------------------+
|   geo_locations   |       hsts        |    http_server    |   insecure_http   |  ipv4_addresses   |  ipv6_addresses   |    rdns_names     | redirect_to_https |      root_ca      |     rtt_range     |     scan_time     |   tls_versions    |      domain       |
+===================+===================+===================+===================+===================+===================+===================+===================+===================+===================+===================+===================+===================+
| ['United States'] | False             | Apache            | True              | ['23.254.203.248' | []                | ['hwsrv-233708.ho | False             | Comodo CA Limited | [1069.0, 1069.0]  | 1.710e+09         | ['TLSv1.2',       | pmichaud.com      |
|                   |                   |                   |                   | ]                 |                   | stwindsdns.com']  |                   |                   |                   |                   | 'TLSv1.3']        |                   |
+-------------------+-------------------+-------------------+-------------------+-------------------+-------------------+-------------------+-------------------+-------------------+-------------------+-------------------+-------------------+-------------------+
+-------------------+-------------------+-------------------+-------------------+-------------------+-------------------+-------------------+-------------------+-------------------+-------------------+-------------------+-------------------+-------------------+
|   geo_locations   |       hsts        |    http_server    |   insecure_http   |  ipv4_addresses   |  ipv6_addresses   |    rdns_names     | redirect_to_https |      root_ca      |     rtt_range     |     scan_time     |   tls_versions    |      domain       |
+===================+===================+===================+===================+===================+===================+===================+===================+===================+===================+===================+===================+===================+
| ['United States'] | True              | snooserv          | True              | ['151.101.193.140 | ['2a04:4e42:600:: | []                | True              | DigiCert Inc      | [3.0, 3.0]        | 1.710e+09         | ['TLSv1.2',       | reddit.com        |
|                   |                   |                   |                   | ',                | 396',             |                   |                   |                   |                   |                   | 'TLSv1.3']        |                   |
|                   |                   |                   |                   | '151.101.1.140',  | '2a04:4e42::396', |                   |                   |                   |                   |                   |                   |                   |
|                   |                   |                   |                   | '151.101.65.140', | '2a04:4e42:200::3 |                   |                   |                   |                   |                   |                   |                   |
|                   |                   |                   |                   | '151.101.129.140' | 96', '2a04:4e42:4 |                   |                   |                   |                   |                   |                   |                   |
|                   |                   |                   |                   | ]                 | 00::396']         |                   |                   |                   |                   |                   |                   |                   |
+-------------------+-------------------+-------------------+-------------------+-------------------+-------------------+-------------------+-------------------+-------------------+-------------------+-------------------+-------------------+-------------------+
+-------------------+-------------------+-------------------+-------------------+-------------------+-------------------+-------------------+-------------------+-------------------+-------------------+-------------------+-------------------+-------------------+
|   geo_locations   |       hsts        |    http_server    |   insecure_http   |  ipv4_addresses   |  ipv6_addresses   |    rdns_names     | redirect_to_https |      root_ca      |     rtt_range     |     scan_time     |   tls_versions    |      domain       |
+===================+===================+===================+===================+===================+===================+===================+===================+===================+===================+===================+===================+===================+
| ['United States'] | True              | Apache/2.4.57 ()  | True              | ['75.2.104.223',  | []                | ['a259cf76d74e1f6 | True              | GlobalSign        | [3.0, 5.0]        | 1.710e+09         | ['TLSv1.1',       | spacejam.com      |
|                   |                   | OpenSSL/1.0.2k-fi |                   | '99.83.180.228']  |                   | 5f.awsglobalaccel |                   |                   |                   |                   | 'TLSv1.2']        |                   |
|                   |                   | ps                |                   |                   |                   | erator.com', 'a25 |                   |                   |                   |                   |                   |                   |
|                   |                   |                   |                   |                   |                   | 9cf76d74e1f65f.aw |                   |                   |                   |                   |                   |                   |
|                   |                   |                   |                   |                   |                   | sglobalaccelerato |                   |                   |                   |                   |                   |                   |
|                   |                   |                   |                   |                   |                   | r.com']           |                   |                   |                   |                   |                   |                   |
+-------------------+-------------------+-------------------+-------------------+-------------------+-------------------+-------------------+-------------------+-------------------+-------------------+-------------------+-------------------+-------------------+
+-------------------+-------------------+-------------------+-------------------+-------------------+-------------------+-------------------+-------------------+-------------------+-------------------+-------------------+-------------------+-------------------+
|   geo_locations   |       hsts        |    http_server    |   insecure_http   |  ipv4_addresses   |  ipv6_addresses   |    rdns_names     | redirect_to_https |      root_ca      |     rtt_range     |     scan_time     |   tls_versions    |      domain       |
+===================+===================+===================+===================+===================+===================+===================+===================+===================+===================+===================+===================+===================+
| ['Columbus, Ohio, | False             | Apache/2.4.58 ()  | True              | ['3.143.61.245']  | []                | ['waffles.steveta | True              | Internet Security | [11.0, 11.0]      | 1.710e+09         | ['TLSv1.0',       | stevetarzia.com   |
| United States']   |                   | OpenSSL/1.0.2k-fi |                   |                   |                   | rzia.com']        |                   | Research Group    |                   |                   | 'TLSv1.1',        |                   |
|                   |                   | ps PHP/5.4.16     |                   |                   |                   |                   |                   |                   |                   |                   | 'TLSv1.2']        |                   |
+-------------------+-------------------+-------------------+-------------------+-------------------+-------------------+-------------------+-------------------+-------------------+-------------------+-------------------+-------------------+-------------------+
+-------------------+-------------------+-------------------+-------------------+-------------------+-------------------+-------------------+-------------------+-------------------+-------------------+-------------------+-------------------+-------------------+
|   geo_locations   |       hsts        |    http_server    |   insecure_http   |  ipv4_addresses   |  ipv6_addresses   |    rdns_names     | redirect_to_https |      root_ca      |     rtt_range     |     scan_time     |   tls_versions    |      domain       |
+===================+===================+===================+===================+===================+===================+===================+===================+===================+===================+===================+===================+===================+
| ['United States'] | False             | envoy             | True              | ['151.101.66.28', | []                | []                | True              | GlobalSign        | [4.0, 7.0]        | 1.710e+09         | ['TLSv1.2',       | tripadvisor.com   |
|                   |                   |                   |                   | '151.101.130.28', |                   |                   |                   |                   |                   |                   | 'TLSv1.3']        |                   |
|                   |                   |                   |                   | '151.101.194.28', |                   |                   |                   |                   |                   |                   |                   |                   |
|                   |                   |                   |                   | '151.101.2.28']   |                   |                   |                   |                   |                   |                   |                   |                   |
+-------------------+-------------------+-------------------+-------------------+-------------------+-------------------+-------------------+-------------------+-------------------+-------------------+-------------------+-------------------+-------------------+
+-------------------+-------------------+-------------------+-------------------+-------------------+-------------------+-------------------+-------------------+-------------------+-------------------+-------------------+-------------------+-------------------+
|   geo_locations   |       hsts        |    http_server    |   insecure_http   |  ipv4_addresses   |  ipv6_addresses   |    rdns_names     | redirect_to_https |      root_ca      |     rtt_range     |     scan_time     |   tls_versions    |      domain       |
+===================+===================+===================+===================+===================+===================+===================+===================+===================+===================+===================+===================+===================+
| ['United States'] | True              | tsa_b             | True              | ['104.244.42.193' | []                | []                | True              | DigiCert Inc      | [34.0, 1045.0]    | 1.710e+09         | ['TLSv1.2',       | twitter.com       |
|                   |                   |                   |                   | , '104.244.42.1', |                   |                   |                   |                   |                   |                   | 'TLSv1.3']        |                   |
|                   |                   |                   |                   | '104.244.42.129', |                   |                   |                   |                   |                   |                   |                   |                   |
|                   |                   |                   |                   | '104.244.42.65']  |                   |                   |                   |                   |                   |                   |                   |                   |
+-------------------+-------------------+-------------------+-------------------+-------------------+-------------------+-------------------+-------------------+-------------------+-------------------+-------------------+-------------------+-------------------+
+-------------------+-------------------+-------------------+-------------------+-------------------+-------------------+-------------------+-------------------+-------------------+-------------------+-------------------+-------------------+-------------------+
|   geo_locations   |       hsts        |    http_server    |   insecure_http   |  ipv4_addresses   |  ipv6_addresses   |    rdns_names     | redirect_to_https |      root_ca      |     rtt_range     |     scan_time     |   tls_versions    |      domain       |
+===================+===================+===================+===================+===================+===================+===================+===================+===================+===================+===================+===================+===================+
| ['United States'] | False             | None              | True              | ['3.215.148.80']  | []                | ['ec2-3-215-148-8 | False             | The USERTRUST     | [24.0, 24.0]      | 1.710e+09         | ['TLSv1.2',       | uchicago.edu      |
|                   |                   |                   |                   |                   |                   | 0.compute-1.amazo |                   | Network           |                   |                   | 'TLSv1.3']        |                   |
|                   |                   |                   |                   |                   |                   | naws.com']        |                   |                   |                   |                   |                   |                   |
+-------------------+-------------------+-------------------+-------------------+-------------------+-------------------+-------------------+-------------------+-------------------+-------------------+-------------------+-------------------+-------------------+
+-------------------+-------------------+-------------------+-------------------+-------------------+-------------------+-------------------+-------------------+-------------------+-------------------+-------------------+-------------------+-------------------+
|   geo_locations   |       hsts        |    http_server    |   insecure_http   |  ipv4_addresses   |  ipv6_addresses   |    rdns_names     | redirect_to_https |      root_ca      |     rtt_range     |     scan_time     |   tls_versions    |      domain       |
+===================+===================+===================+===================+===================+===================+===================+===================+===================+===================+===================+===================+===================+
| ['United States'] | False             | Apache            | True              | ['165.124.180.20' | []                | ['web1.cs.northwe | True              | Comodo CA Limited | [2.0, 2.0]        | 1.710e+09         | ['TLSv1.2']       | users.cs.northwes |
|                   |                   |                   |                   | ]                 |                   | stern.edu']       |                   |                   |                   |                   |                   | tern.edu          |
+-------------------+-------------------+-------------------+-------------------+-------------------+-------------------+-------------------+-------------------+-------------------+-------------------+-------------------+-------------------+-------------------+
+-------------------+-------------------+-------------------+-------------------+-------------------+-------------------+-------------------+-------------------+-------------------+-------------------+-------------------+-------------------+-------------------+
|   geo_locations   |       hsts        |    http_server    |   insecure_http   |  ipv4_addresses   |  ipv6_addresses   |    rdns_names     | redirect_to_https |      root_ca      |     rtt_range     |     scan_time     |   tls_versions    |      domain       |
+===================+===================+===================+===================+===================+===================+===================+===================+===================+===================+===================+===================+===================+
| ['United States'] | True              | None              | True              | ['23.59.182.173', | []                | ['a23-59-182-173. | True              | GlobalSign        | [3.0, 98.0]       | 1.710e+09         | ['TLSv1.2',       | walmart.com       |
|                   |                   |                   |                   | '23.59.16.134',   |                   | deploy.static.aka |                   |                   |                   |                   | 'TLSv1.3']        |                   |
|                   |                   |                   |                   | '23.0.216.203',   |                   | maitechnologies.c |                   |                   |                   |                   |                   |                   |
|                   |                   |                   |                   | '23.197.108.198', |                   | om', 'a23-59-16-1 |                   |                   |                   |                   |                   |                   |
|                   |                   |                   |                   | '23.203.41.111',  |                   | 34.deploy.static. |                   |                   |                   |                   |                   |                   |
|                   |                   |                   |                   | '2.17.212.108',   |                   | akamaitechnologie |                   |                   |                   |                   |                   |                   |
|                   |                   |                   |                   | '184.27.182.11']  |                   | s.com', 'a23-0-21 |                   |                   |                   |                   |                   |                   |
|                   |                   |                   |                   |                   |                   | 6-203.deploy.stat |                   |                   |                   |                   |                   |                   |
|                   |                   |                   |                   |                   |                   | ic.akamaitechnolo |                   |                   |                   |                   |                   |                   |
|                   |                   |                   |                   |                   |                   | gies.com', 'a23-1 |                   |                   |                   |                   |                   |                   |
|                   |                   |                   |                   |                   |                   | 97-108-198.deploy |                   |                   |                   |                   |                   |                   |
|                   |                   |                   |                   |                   |                   | .static.akamaitec |                   |                   |                   |                   |                   |                   |
|                   |                   |                   |                   |                   |                   | hnologies.com', ' |                   |                   |                   |                   |                   |                   |
|                   |                   |                   |                   |                   |                   | a23-203-41-111.de |                   |                   |                   |                   |                   |                   |
|                   |                   |                   |                   |                   |                   | ploy.static.akama |                   |                   |                   |                   |                   |                   |
|                   |                   |                   |                   |                   |                   | itechnologies.com |                   |                   |                   |                   |                   |                   |
|                   |                   |                   |                   |                   |                   | ', 'a2-17-212-108 |                   |                   |                   |                   |                   |                   |
|                   |                   |                   |                   |                   |                   | .deploy.static.ak |                   |                   |                   |                   |                   |                   |
|                   |                   |                   |                   |                   |                   | amaitechnologies. |                   |                   |                   |                   |                   |                   |
|                   |                   |                   |                   |                   |                   | com', 'a184-27-18 |                   |                   |                   |                   |                   |                   |
|                   |                   |                   |                   |                   |                   | 2-11.deploy.stati |                   |                   |                   |                   |                   |                   |
|                   |                   |                   |                   |                   |                   | c.akamaitechnolog |                   |                   |                   |                   |                   |                   |
|                   |                   |                   |                   |                   |                   | ies.com']         |                   |                   |                   |                   |                   |                   |
+-------------------+-------------------+-------------------+-------------------+-------------------+-------------------+-------------------+-------------------+-------------------+-------------------+-------------------+-------------------+-------------------+
+-------------------+-------------------+-------------------+-------------------+-------------------+-------------------+-------------------+-------------------+-------------------+-------------------+-------------------+-------------------+-------------------+
|   geo_locations   |       hsts        |    http_server    |   insecure_http   |  ipv4_addresses   |  ipv6_addresses   |    rdns_names     | redirect_to_https |      root_ca      |     rtt_range     |     scan_time     |   tls_versions    |      domain       |
+===================+===================+===================+===================+===================+===================+===================+===================+===================+===================+===================+===================+===================+
| ['Sweden',        | False             | None              | True              | ['146.75.76.116', | []                | []                | True              | DigiCert Inc      | [5.0, 96.0]       | 1.710e+09         | ['TLSv1.2',       | yelp.com          |
| 'Denver,          |                   |                   |                   | '151.101.68.116', |                   |                   |                   |                   |                   |                   | 'TLSv1.3']        |                   |
| Colorado, United  |                   |                   |                   | '146.75.36.116',  |                   |                   |                   |                   |                   |                   |                   |                   |
| States',          |                   |                   |                   | '151.101.36.116'] |                   |                   |                   |                   |                   |                   |                   |                   |
| 'Amsterdam, North |                   |                   |                   |                   |                   |                   |                   |                   |                   |                   |                   |                   |
| Holland,          |                   |                   |                   |                   |                   |                   |                   |                   |                   |                   |                   |                   |
| Netherlands']     |                   |                   |                   |                   |                   |                   |                   |                   |                   |                   |                   |                   |
+-------------------+-------------------+-------------------+-------------------+-------------------+-------------------+-------------------+-------------------+-------------------+-------------------+-------------------+-------------------+-------------------+
+-------------------+-------------------+-------------------+-------------------+-------------------+-------------------+-------------------+-------------------+-------------------+-------------------+-------------------+-------------------+-------------------+
|   geo_locations   |       hsts        |    http_server    |   insecure_http   |  ipv4_addresses   |  ipv6_addresses   |    rdns_names     | redirect_to_https |      root_ca      |     rtt_range     |     scan_time     |   tls_versions    |      domain       |
+===================+===================+===================+===================+===================+===================+===================+===================+===================+===================+===================+===================+===================+
| ['United States', | True              | ESF               | True              | ['172.217.0.174', | ['2607:f8b0:4009: | ['ord38s30-in-f14 | True              | GlobalSign nv-sa  | [3.0, 120.0]      | 1.710e+09         | ['TLSv1.0',       | youtube.com       |
| 'Mountain View,   |                   |                   |                   | '142.250.191.174' | 803::200e', '2607 | .1e100.net', 'ord |                   |                   |                   |                   | 'TLSv1.1',        |                   |
| California,       |                   |                   |                   | ,                 | :f8b0:4009:818::2 | 37s33-in-f14.1e10 |                   |                   |                   |                   | 'TLSv1.2',        |                   |
| United States']   |                   |                   |                   | '142.250.190.46', | 00e', '2607:f8b0: | 0.net', 'ord37s34 |                   |                   |                   |                   | 'TLSv1.3']        |                   |
|                   |                   |                   |                   | '142.250.190.78', | 4009:809::200e',  | -in-f14.1e100.net |                   |                   |                   |                   |                   |                   |
|                   |                   |                   |                   | '142.251.40.238', | '2607:f8b0:4009:8 | ', 'lga34s39-in-f |                   |                   |                   |                   |                   |                   |
|                   |                   |                   |                   | '142.250.190.142' | 19::200e', '2607: | 14.1e100.net', 'o |                   |                   |                   |                   |                   |                   |
|                   |                   |                   |                   | ,                 | f8b0:4006:81e::20 | rd37s36-in-f14.1e |                   |                   |                   |                   |                   |                   |
|                   |                   |                   |                   | '216.58.210.142', | 0e', '2607:f8b0:4 | 100.net', 'mad06s |                   |                   |                   |                   |                   |                   |
|                   |                   |                   |                   | '172.217.4.46',   | 009:805::200e', ' | 09-in-f142.1e100. |                   |                   |                   |                   |                   |                   |
|                   |                   |                   |                   | '172.217.168.46'] | 2a00:1450:4010:c0 | net']             |                   |                   |                   |                   |                   |                   |
|                   |                   |                   |                   |                   | 8::88', '2a00:145 |                   |                   |                   |                   |                   |                   |                   |
|                   |                   |                   |                   |                   | 0:4010:c08::be',  |                   |                   |                   |                   |                   |                   |                   |
|                   |                   |                   |                   |                   | '2a00:1450:4010:c |                   |                   |                   |                   |                   |                   |                   |
|                   |                   |                   |                   |                   | 08::5d', '2a00:14 |                   |                   |                   |                   |                   |                   |                   |
|                   |                   |                   |                   |                   | 50:4010:c08::5b', |                   |                   |                   |                   |                   |                   |                   |
|                   |                   |                   |                   |                   | '2607:f8b0:4009:8 |                   |                   |                   |                   |                   |                   |                   |
|                   |                   |                   |                   |                   | 1b::200e', '2a00: |                   |                   |                   |                   |                   |                   |                   |
|                   |                   |                   |                   |                   | 1450:400a:802::20 |                   |                   |                   |                   |                   |                   |                   |
|                   |                   |                   |                   |                   | 0e']              |                   |                   |                   |                   |                   |                   |                   |
+-------------------+-------------------+-------------------+-------------------+-------------------+-------------------+-------------------+-------------------+-------------------+-------------------+-------------------+-------------------+-------------------+

###2. A table showing the RTT ranges for all domains, sorted by the minimum RTT (ordered from fastest to slowest)###
+----------------------------+------------------+
|           domain           |    rtt_range     |
+============================+==================+
| it.eecs.northwestern.edu   | [2.0, 2.0]       |
+----------------------------+------------------+
| kellogg.northwestern.edu   | [2.0, 2.0]       |
+----------------------------+------------------+
| mccormick.northwestern.edu | [2.0, 2.0]       |
+----------------------------+------------------+
| northwestern.edu           | [2.0, 2.0]       |
+----------------------------+------------------+
| users.cs.northwestern.edu  | [2.0, 2.0]       |
+----------------------------+------------------+
| clocktab.com               | [3.0, 5.0]       |
+----------------------------+------------------+
| facebook.com               | [3.0, 120.0]     |
+----------------------------+------------------+
| fandom.com                 | [3.0, 4.0]       |
+----------------------------+------------------+
| kli.org                    | [3.0, 5.0]       |
+----------------------------+------------------+
| pinterest.com              | [3.0, 3.0]       |
+----------------------------+------------------+
| reddit.com                 | [3.0, 3.0]       |
+----------------------------+------------------+
| spacejam.com               | [3.0, 5.0]       |
+----------------------------+------------------+
| walmart.com                | [3.0, 98.0]      |
+----------------------------+------------------+
| youtube.com                | [3.0, 120.0]     |
+----------------------------+------------------+
| instagram.com              | [4.0, 120.0]     |
+----------------------------+------------------+
| tripadvisor.com            | [4.0, 7.0]       |
+----------------------------+------------------+
| yelp.com                   | [5.0, 96.0]      |
+----------------------------+------------------+
| illinois.edu               | [6.0, 6.0]       |
+----------------------------+------------------+
| stevetarzia.com            | [11.0, 11.0]     |
+----------------------------+------------------+
| asee.org                   | [21.0, 21.0]     |
+----------------------------+------------------+
| gradeinflation.com         | [22.0, 22.0]     |
+----------------------------+------------------+
| amazon.com                 | [23.0, 24.0]     |
+----------------------------+------------------+
| en.wikipedia.org           | [23.0, 102.0]    |
+----------------------------+------------------+
| uchicago.edu               | [24.0, 24.0]     |
+----------------------------+------------------+
| imdb.com                   | [27.0, 29.0]     |
+----------------------------+------------------+
| twitter.com                | [34.0, 1045.0]   |
+----------------------------+------------------+
| auditoryneuroscience.com   | [250.0, 250.0]   |
+----------------------------+------------------+
| pmichaud.com               | [1069.0, 1069.0] |
+----------------------------+------------------+
###3. A table showing the number of occurrences for each observed root certificate authority (from Part 2i), sorted from most popular to least.###
+-----------------------+----------------------------------+
| Certificate Authority |              Count               |
+=======================+==================================+
| 7                     | DigiCert Inc                     |
+-----------------------+----------------------------------+
| 5                     | Comodo CA Limited                |
+-----------------------+----------------------------------+
| 4                     | GlobalSign                       |
+-----------------------+----------------------------------+
| 3                     | GlobalSign nv-sa                 |
+-----------------------+----------------------------------+
| 3                     | Internet Security Research Group |
+-----------------------+----------------------------------+
| 2                     |  = Digital Signature Trust Co.   |
+-----------------------+----------------------------------+
| 1                     | The USERTRUST Network            |
+-----------------------+----------------------------------+
| 1                     | Unspecified                      |
+-----------------------+----------------------------------+
| 1                     | Starfield Technologies, Inc.     |
+-----------------------+----------------------------------+
| 1                     | VeriSign, Inc.                   |
+-----------------------+----------------------------------+
###4.A table showing the number of occurrences of each web server (from Part 2d), ordered from most popular to least.###
+-------------+---------------------------------------------------------+
| HTTP Server |                          Count                          |
+=============+=========================================================+
| 6           | None                                                    |
+-------------+---------------------------------------------------------+
| 3           | Apache                                                  |
+-------------+---------------------------------------------------------+
| 2           | envoy                                                   |
+-------------+---------------------------------------------------------+
| 2           | cloudflare                                              |
+-------------+---------------------------------------------------------+
| 2           | Microsoft-IIS/10.0                                      |
+-------------+---------------------------------------------------------+
| 2           | Server                                                  |
+-------------+---------------------------------------------------------+
| 1           | ESF                                                     |
+-------------+---------------------------------------------------------+
| 1           | tsa_b                                                   |
+-------------+---------------------------------------------------------+
| 1           | Apache/2.4.58 () OpenSSL/1.0.2k-fips PHP/5.4.16         |
+-------------+---------------------------------------------------------+
| 1           | Apache/2.4.57 () OpenSSL/1.0.2k-fips                    |
+-------------+---------------------------------------------------------+
| 1           | snooserv                                                |
+-------------+---------------------------------------------------------+
| 1           | Apache/2.4.41 (Ubuntu)                                  |
+-------------+---------------------------------------------------------+
| 1           | Apache/2.4.37 (Red Hat Enterprise Linux) OpenSSL/1.1.1k |
+-------------+---------------------------------------------------------+
| 1           | Apache/2.4.57 (Red Hat Enterprise Linux) OpenSSL/3.0.7  |
+-------------+---------------------------------------------------------+
| 1           | nginx                                                   |
+-------------+---------------------------------------------------------+
| 1           | mw1355.eqiad.wmnet                                      |
+-------------+---------------------------------------------------------+
| 1           | Apache/2.4.58 (Ubuntu)                                  |
+-------------+---------------------------------------------------------+
###5.A table showing the percentage of scanned domains supporting: each version of TLS listed in Part 2h. I expect to see close to zero percent for SSLv2 and SSLv3. "plain http" (Part 2e) "https redirect" (Part 2f) "hsts" (Part 2g) "ipv6" (from Part 2c)###
+-------------------+-------------------+-------------------+-------------------+-------------------+-------------------+-------------------+-------------------+-------------------+-------------------+
|       SSLv2       |       SSLv3       |      TLSv1.0      |      TLSv1.1      |      TLSv1.2      |      TLSv1.3      |    plain http     |  redirect https   |       hsts        |       ipv6        |
+===================+===================+===================+===================+===================+===================+===================+===================+===================+===================+
| 0.0%              | 0.0%              | 35.71428571428571 | 39.28571428571428 | 100.0%            | 71.42857142857143 | 100.0%            | 89.28571428571429 | 39.28571428571428 | 28.57142857142857 |
|                   |                   | 5%                | 5%                |                   | %                 |                   | %                 | 5%                | %                 |
+-------------------+-------------------+-------------------+-------------------+-------------------+-------------------+-------------------+-------------------+-------------------+-------------------+